Archive member included because of file (symbol)

/usr/local/gcc-arm-none-eabi-4_9-2015q1/bin/../lib/gcc/arm-none-eabi/4.9.3/../../../../arm-none-eabi/lib/armv7e-m/libc.a(lib_a-exit.o)
                              /usr/local/gcc-arm-none-eabi-4_9-2015q1/bin/../lib/gcc/arm-none-eabi/4.9.3/../../../../arm-none-eabi/lib/armv7e-m/rdimon-crt0.o (exit)
/usr/local/gcc-arm-none-eabi-4_9-2015q1/bin/../lib/gcc/arm-none-eabi/4.9.3/../../../../arm-none-eabi/lib/armv7e-m/libc.a(lib_a-impure.o)
                              /usr/local/gcc-arm-none-eabi-4_9-2015q1/bin/../lib/gcc/arm-none-eabi/4.9.3/../../../../arm-none-eabi/lib/armv7e-m/libc.a(lib_a-exit.o) (_global_impure_ptr)
/usr/local/gcc-arm-none-eabi-4_9-2015q1/bin/../lib/gcc/arm-none-eabi/4.9.3/../../../../arm-none-eabi/lib/armv7e-m/libc.a(lib_a-init.o)
                              /usr/local/gcc-arm-none-eabi-4_9-2015q1/bin/../lib/gcc/arm-none-eabi/4.9.3/../../../../arm-none-eabi/lib/armv7e-m/rdimon-crt0.o (__libc_init_array)
/usr/local/gcc-arm-none-eabi-4_9-2015q1/bin/../lib/gcc/arm-none-eabi/4.9.3/../../../../arm-none-eabi/lib/armv7e-m/libc.a(lib_a-memset.o)
                              /usr/local/gcc-arm-none-eabi-4_9-2015q1/bin/../lib/gcc/arm-none-eabi/4.9.3/../../../../arm-none-eabi/lib/armv7e-m/rdimon-crt0.o (memset)
/usr/local/gcc-arm-none-eabi-4_9-2015q1/bin/../lib/gcc/arm-none-eabi/4.9.3/../../../../arm-none-eabi/lib/armv7e-m/libc.a(lib_a-__call_atexit.o)
                              /usr/local/gcc-arm-none-eabi-4_9-2015q1/bin/../lib/gcc/arm-none-eabi/4.9.3/../../../../arm-none-eabi/lib/armv7e-m/libc.a(lib_a-exit.o) (__call_exitprocs)
/usr/local/gcc-arm-none-eabi-4_9-2015q1/bin/../lib/gcc/arm-none-eabi/4.9.3/../../../../arm-none-eabi/lib/armv7e-m/libc.a(lib_a-atexit.o)
                              /usr/local/gcc-arm-none-eabi-4_9-2015q1/bin/../lib/gcc/arm-none-eabi/4.9.3/../../../../arm-none-eabi/lib/armv7e-m/libc.a(lib_a-__call_atexit.o) (atexit)
/usr/local/gcc-arm-none-eabi-4_9-2015q1/bin/../lib/gcc/arm-none-eabi/4.9.3/../../../../arm-none-eabi/lib/armv7e-m/libc.a(lib_a-fini.o)
                              /usr/local/gcc-arm-none-eabi-4_9-2015q1/bin/../lib/gcc/arm-none-eabi/4.9.3/../../../../arm-none-eabi/lib/armv7e-m/libc.a(lib_a-__call_atexit.o) (__libc_fini_array)
/usr/local/gcc-arm-none-eabi-4_9-2015q1/bin/../lib/gcc/arm-none-eabi/4.9.3/../../../../arm-none-eabi/lib/armv7e-m/libc.a(lib_a-__atexit.o)
                              /usr/local/gcc-arm-none-eabi-4_9-2015q1/bin/../lib/gcc/arm-none-eabi/4.9.3/../../../../arm-none-eabi/lib/armv7e-m/libc.a(lib_a-atexit.o) (__register_exitproc)
/usr/local/gcc-arm-none-eabi-4_9-2015q1/bin/../lib/gcc/arm-none-eabi/4.9.3/../../../../arm-none-eabi/lib/armv7e-m/librdimon.a(rdimon-syscalls.o)
                              /usr/local/gcc-arm-none-eabi-4_9-2015q1/bin/../lib/gcc/arm-none-eabi/4.9.3/../../../../arm-none-eabi/lib/armv7e-m/rdimon-crt0.o (initialise_monitor_handles)
/usr/local/gcc-arm-none-eabi-4_9-2015q1/bin/../lib/gcc/arm-none-eabi/4.9.3/../../../../arm-none-eabi/lib/armv7e-m/librdimon.a(rdimon-_exit.o)
                              /usr/local/gcc-arm-none-eabi-4_9-2015q1/bin/../lib/gcc/arm-none-eabi/4.9.3/../../../../arm-none-eabi/lib/armv7e-m/libc.a(lib_a-exit.o) (_exit)
/usr/local/gcc-arm-none-eabi-4_9-2015q1/bin/../lib/gcc/arm-none-eabi/4.9.3/../../../../arm-none-eabi/lib/armv7e-m/librdimon.a(rdimon-_kill.o)
                              /usr/local/gcc-arm-none-eabi-4_9-2015q1/bin/../lib/gcc/arm-none-eabi/4.9.3/../../../../arm-none-eabi/lib/armv7e-m/librdimon.a(rdimon-_exit.o) (_kill)
/usr/local/gcc-arm-none-eabi-4_9-2015q1/bin/../lib/gcc/arm-none-eabi/4.9.3/../../../../arm-none-eabi/lib/armv7e-m/libc.a(lib_a-errno.o)
                              /usr/local/gcc-arm-none-eabi-4_9-2015q1/bin/../lib/gcc/arm-none-eabi/4.9.3/../../../../arm-none-eabi/lib/armv7e-m/librdimon.a(rdimon-syscalls.o) (__errno)
/usr/local/gcc-arm-none-eabi-4_9-2015q1/bin/../lib/gcc/arm-none-eabi/4.9.3/../../../../arm-none-eabi/lib/armv7e-m/libc.a(lib_a-findfp.o)
                              /usr/local/gcc-arm-none-eabi-4_9-2015q1/bin/../lib/gcc/arm-none-eabi/4.9.3/../../../../arm-none-eabi/lib/armv7e-m/librdimon.a(rdimon-syscalls.o) (__sinit)
/usr/local/gcc-arm-none-eabi-4_9-2015q1/bin/../lib/gcc/arm-none-eabi/4.9.3/../../../../arm-none-eabi/lib/armv7e-m/libc.a(lib_a-fwalk.o)
                              /usr/local/gcc-arm-none-eabi-4_9-2015q1/bin/../lib/gcc/arm-none-eabi/4.9.3/../../../../arm-none-eabi/lib/armv7e-m/libc.a(lib_a-findfp.o) (_fwalk)
/usr/local/gcc-arm-none-eabi-4_9-2015q1/bin/../lib/gcc/arm-none-eabi/4.9.3/../../../../arm-none-eabi/lib/armv7e-m/libc.a(lib_a-mallocr.o)
                              /usr/local/gcc-arm-none-eabi-4_9-2015q1/bin/../lib/gcc/arm-none-eabi/4.9.3/../../../../arm-none-eabi/lib/armv7e-m/libc.a(lib_a-findfp.o) (_malloc_r)
/usr/local/gcc-arm-none-eabi-4_9-2015q1/bin/../lib/gcc/arm-none-eabi/4.9.3/../../../../arm-none-eabi/lib/armv7e-m/libc.a(lib_a-mlock.o)
[...]
Memory Configuration

Name             Origin             Length             Attributes
FLASH            0x0000000008000000 0x0000000000100000 xr
RAM              0x0000000020000000 0x0000000000030000 xrw
MEMORY_B1        0x0000000060000000 0x0000000000000000 xr
*default*        0x0000000000000000 0xffffffffffffffff

Linker script and memory map

LOAD /usr/local/gcc-arm-none-eabi-4_9-2015q1/bin/../lib/gcc/arm-none-eabi/4.9.3/armv7e-m/crti.o
LOAD /usr/local/gcc-arm-none-eabi-4_9-2015q1/bin/../lib/gcc/arm-none-eabi/4.9.3/armv7e-m/crtbegin.o
LOAD /usr/local/gcc-arm-none-eabi-4_9-2015q1/bin/../lib/gcc/arm-none-eabi/4.9.3/../../../../arm-none-eabi/lib/armv7e-m/rdimon-crt0.o
START GROUP
LOAD /usr/local/gcc-arm-none-eabi-4_9-2015q1/bin/../lib/gcc/arm-none-eabi/4.9.3/armv7e-m/libgcc.a
LOAD /usr/local/gcc-arm-none-eabi-4_9-2015q1/bin/../lib/gcc/arm-none-eabi/4.9.3/../../../../arm-none-eabi/lib/armv7e-m/libc.a
LOAD /usr/local/gcc-arm-none-eabi-4_9-2015q1/bin/../lib/gcc/arm-none-eabi/4.9.3/../../../../arm-none-eabi/lib/armv7e-m/libc.a
LOAD /usr/local/gcc-arm-none-eabi-4_9-2015q1/bin/../lib/gcc/arm-none-eabi/4.9.3/../../../../arm-none-eabi/lib/armv7e-m/libm.a
LOAD /usr/local/gcc-arm-none-eabi-4_9-2015q1/bin/../lib/gcc/arm-none-eabi/4.9.3/../../../../arm-none-eabi/lib/armv7e-m/librdimon.a
END GROUP
LOAD ./src/main.o
LOAD ./STM_SPL/STM32F4xx_StdPeriph_Driver/src/debug.o
LOAD ./STM_SPL/STM32F4xx_StdPeriph_Driver/src/misc.o
LOAD ./STM_SPL/STM32F4xx_StdPeriph_Driver/src/stm32f4xx_adc.o
LOAD ./STM_SPL/STM32F4xx_StdPeriph_Driver/src/stm32f4xx_can.o
LOAD ./STM_SPL/STM32F4xx_StdPeriph_Driver/src/stm32f4xx_crc.o
LOAD ./STM_SPL/STM32F4xx_StdPeriph_Driver/src/stm32f4xx_cryp.o
LOAD ./STM_SPL/STM32F4xx_StdPeriph_Driver/src/stm32f4xx_cryp_aes.o
LOAD ./STM_SPL/STM32F4xx_StdPeriph_Driver/src/stm32f4xx_cryp_des.o
LOAD ./STM_SPL/STM32F4xx_StdPeriph_Driver/src/stm32f4xx_cryp_tdes.o
LOAD ./STM_SPL/STM32F4xx_StdPeriph_Driver/src/stm32f4xx_dac.o
LOAD ./STM_SPL/STM32F4xx_StdPeriph_Driver/src/stm32f4xx_dbgmcu.o
LOAD ./STM_SPL/STM32F4xx_StdPeriph_Driver/src/stm32f4xx_dcmi.o
LOAD ./STM_SPL/STM32F4xx_StdPeriph_Driver/src/stm32f4xx_dma.o
LOAD ./STM_SPL/STM32F4xx_StdPeriph_Driver/src/stm32f4xx_dma2d.o
LOAD ./STM_SPL/STM32F4xx_StdPeriph_Driver/src/stm32f4xx_exti.o
LOAD ./STM_SPL/STM32F4xx_StdPeriph_Driver/src/stm32f4xx_flash.o
LOAD ./STM_SPL/STM32F4xx_StdPeriph_Driver/src/stm32f4xx_flash_ramfunc.o
LOAD ./STM_SPL/STM32F4xx_StdPeriph_Driver/src/stm32f4xx_fsmc.o
LOAD ./STM_SPL/STM32F4xx_StdPeriph_Driver/src/stm32f4xx_gpio.o
LOAD ./STM_SPL/STM32F4xx_StdPeriph_Driver/src/stm32f4xx_hash.o
LOAD ./STM_SPL/STM32F4xx_StdPeriph_Driver/src/stm32f4xx_hash_md5.o
LOAD ./STM_SPL/STM32F4xx_StdPeriph_Driver/src/stm32f4xx_hash_sha1.o
LOAD ./STM_SPL/STM32F4xx_StdPeriph_Driver/src/stm32f4xx_i2c.o
LOAD ./STM_SPL/STM32F4xx_StdPeriph_Driver/src/stm32f4xx_iwdg.o
LOAD ./STM_SPL/STM32F4xx_StdPeriph_Driver/src/stm32f4xx_ltdc.o
LOAD ./STM_SPL/STM32F4xx_StdPeriph_Driver/src/stm32f4xx_pwr.o
LOAD ./STM_SPL/STM32F4xx_StdPeriph_Driver/src/stm32f4xx_rcc.o
LOAD ./STM_SPL/STM32F4xx_StdPeriph_Driver/src/stm32f4xx_rng.o
LOAD ./STM_SPL/STM32F4xx_StdPeriph_Driver/src/stm32f4xx_rtc.o
LOAD ./STM_SPL/STM32F4xx_StdPeriph_Driver/src/stm32f4xx_sai.o
LOAD ./STM_SPL/STM32F4xx_StdPeriph_Driver/src/stm32f4xx_sdio.o
LOAD ./STM_SPL/STM32F4xx_StdPeriph_Driver/src/stm32f4xx_spi.o
LOAD ./STM_SPL/STM32F4xx_StdPeriph_Driver/src/stm32f4xx_syscfg.o
LOAD ./STM_SPL/STM32F4xx_StdPeriph_Driver/src/stm32f4xx_tim.o
LOAD ./STM_SPL/STM32F4xx_StdPeriph_Driver/src/stm32f4xx_usart.o
LOAD ./STM_SPL/STM32F4xx_StdPeriph_Driver/src/stm32f4xx_wwdg.o
LOAD ./STM_SPL/CMSIS/Device/ST/STM32F4xx/Source/Templates/gcc_ride7/startup_stm32f40_41xxx.o
LOAD ./STM_SPL/CMSIS/Device/ST/STM32F4xx/Source/Templates/system_stm32f4xx.o
START GROUP
LOAD /usr/local/gcc-arm-none-eabi-4_9-2015q1/bin/../lib/gcc/arm-none-eabi/4.9.3/armv7e-m/libgcc.a
LOAD /usr/local/gcc-arm-none-eabi-4_9-2015q1/bin/../lib/gcc/arm-none-eabi/4.9.3/../../../../arm-none-eabi/lib/armv7e-m/libg.a
LOAD /usr/local/gcc-arm-none-eabi-4_9-2015q1/bin/../lib/gcc/arm-none-eabi/4.9.3/../../../../arm-none-eabi/lib/armv7e-m/libc.a
END GROUP
START GROUP
LOAD /usr/local/gcc-arm-none-eabi-4_9-2015q1/bin/../lib/gcc/arm-none-eabi/4.9.3/armv7e-m/libgcc.a
LOAD /usr/local/gcc-arm-none-eabi-4_9-2015q1/bin/../lib/gcc/arm-none-eabi/4.9.3/../../../../arm-none-eabi/lib/armv7e-m/libc.a
LOAD /usr/local/gcc-arm-none-eabi-4_9-2015q1/bin/../lib/gcc/arm-none-eabi/4.9.3/../../../../arm-none-eabi/lib/armv7e-m/librdimon.a
END GROUP
LOAD /usr/local/gcc-arm-none-eabi-4_9-2015q1/bin/../lib/gcc/arm-none-eabi/4.9.3/armv7e-m/crtend.o
LOAD /usr/local/gcc-arm-none-eabi-4_9-2015q1/bin/../lib/gcc/arm-none-eabi/4.9.3/armv7e-m/crtn.o
                0x0000000020020000                _estack = 0x20020000
                0x0000000000000000                _Min_Heap_Size = 0x0
                0x0000000000000400                _Min_Stack_Size = 0x400

.isr_vector     0x0000000008000000      0x188
                0x0000000008000000                . = ALIGN (0x4)
 *(.isr_vector)
 .isr_vector    0x0000000008000000      0x188 ./STM_SPL/CMSIS/Device/ST/STM32F4xx/Source/Templates/gcc_ride7/startup_stm32f40_41xxx.o
                0x0000000008000000                g_pfnVectors
                0x0000000008000188                . = ALIGN (0x4)

.text           0x0000000008000188      0xf5c
                0x0000000008000188                . = ALIGN (0x4)
 *(.text)
 .text          0x0000000008000188       0x5c /usr/local/gcc-arm-none-eabi-4_9-2015q1/bin/../lib/gcc/arm-none-eabi/4.9.3/armv7e-m/crtbegin.o
 *(.text*)
 .text.startup.register_fini
                0x00000000080001e4       0x14 /usr/local/gcc-arm-none-eabi-4_9-2015q1/bin/../lib/gcc/arm-none-eabi/4.9.3/../../../../arm-none-eabi/lib/armv7e-m/libc.a(lib_a-__call_atexit.o)
 .text.atexit   0x00000000080001f8        0xc /usr/local/gcc-arm-none-eabi-4_9-2015q1/bin/../lib/gcc/arm-none-eabi/4.9.3/../../../../arm-none-eabi/lib/armv7e-m/libc.a(lib_a-atexit.o)
                0x00000000080001f8                atexit
 .text.__libc_fini_array
                0x0000000008000204       0x2c /usr/local/gcc-arm-none-eabi-4_9-2015q1/bin/../lib/gcc/arm-none-eabi/4.9.3/../../../../arm-none-eabi/lib/armv7e-m/libc.a(lib_a-fini.o)
                0x0000000008000204                __libc_fini_array
 .text.__register_exitproc
                0x0000000008000230       0xa4 /usr/local/gcc-arm-none-eabi-4_9-2015q1/bin/../lib/gcc/arm-none-eabi/4.9.3/../../../../arm-none-eabi/lib/armv7e-m/libc.a(lib_a-__atexit.o)
                0x0000000008000230                __register_exitproc
 .text._sbrk    0x00000000080002d4       0x34 /usr/local/gcc-arm-none-eabi-4_9-2015q1/bin/../lib/gcc/arm-none-eabi/4.9.3/../../../../arm-none-eabi/lib/armv7e-m/librdimon.a(rdimon-syscalls.o)
                0x00000000080002d4                _sbrk
 .text.__errno  0x0000000008000308        0xc /usr/local/gcc-arm-none-eabi-4_9-2015q1/bin/../lib/gcc/arm-none-eabi/4.9.3/../../../../arm-none-eabi/lib/armv7e-m/libc.a(lib_a-errno.o)
                0x0000000008000308                __errno
 .text._malloc_r
                0x0000000008000314      0x524 /usr/local/gcc-arm-none-eabi-4_9-2015q1/bin/../lib/gcc/arm-none-eabi/4.9.3/../../../../arm-none-eabi/lib/armv7e-m/libc.a(lib_a-mallocr.o)
                0x0000000008000314                _malloc_r
 .text.__malloc_lock
                0x0000000008000838        0x4 /usr/local/gcc-arm-none-eabi-4_9-2015q1/bin/../lib/gcc/arm-none-eabi/4.9.3/../../../../arm-none-eabi/lib/armv7e-m/libc.a(lib_a-mlock.o)
                0x0000000008000838                __malloc_lock
 .text.__malloc_unlock
                0x000000000800083c        0x4 /usr/local/gcc-arm-none-eabi-4_9-2015q1/bin/../lib/gcc/arm-none-eabi/4.9.3/../../../../arm-none-eabi/lib/armv7e-m/libc.a(lib_a-mlock.o)
                0x000000000800083c                __malloc_unlock
 .text._sbrk_r  0x0000000008000840       0x24 /usr/local/gcc-arm-none-eabi-4_9-2015q1/bin/../lib/gcc/arm-none-eabi/4.9.3/../../../../arm-none-eabi/lib/armv7e-m/libc.a(lib_a-sbrkr.o)
                0x0000000008000840                _sbrk_r
 .text._malloc_trim_r
                0x0000000008000864       0x9c /usr/local/gcc-arm-none-eabi-4_9-2015q1/bin/../lib/gcc/arm-none-eabi/4.9.3/../../../../arm-none-eabi/lib/armv7e-m/libc.a(lib_a-freer.o)
                0x0000000008000864                _malloc_trim_r
 .text._free_r  0x0000000008000900      0x1b0 /usr/local/gcc-arm-none-eabi-4_9-2015q1/bin/../lib/gcc/arm-none-eabi/4.9.3/../../../../arm-none-eabi/lib/armv7e-m/libc.a(lib_a-freer.o)
                0x0000000008000900                _free_r
 .text.init_SPI1
                0x0000000008000ab0       0xc4 ./src/main.o
                0x0000000008000ab0                init_SPI1
 .text.SPI1_send
                0x0000000008000b74       0x5c ./src/main.o
                0x0000000008000b74                SPI1_send
 .text.main     0x0000000008000bd0       0x34 ./src/main.o
                0x0000000008000bd0                main
 .text.GPIO_Init
                0x0000000008000c04      0x11c ./STM_SPL/STM32F4xx_StdPeriph_Driver/src/stm32f4xx_gpio.o
                0x0000000008000c04                GPIO_Init
 .text.GPIO_WriteBit
                0x0000000008000d20       0x30 ./STM_SPL/STM32F4xx_StdPeriph_Driver/src/stm32f4xx_gpio.o
                0x0000000008000d20                GPIO_WriteBit
 .text.GPIO_PinAFConfig
                0x0000000008000d50       0x90 ./STM_SPL/STM32F4xx_StdPeriph_Driver/src/stm32f4xx_gpio.o
                0x0000000008000d50                GPIO_PinAFConfig
 .text.RCC_AHB1PeriphClockCmd
                0x0000000008000de0       0x3c ./STM_SPL/STM32F4xx_StdPeriph_Driver/src/stm32f4xx_rcc.o
                0x0000000008000de0                RCC_AHB1PeriphClockCmd
 .text.RCC_APB2PeriphClockCmd
                0x0000000008000e1c       0x3c ./STM_SPL/STM32F4xx_StdPeriph_Driver/src/stm32f4xx_rcc.o
                0x0000000008000e1c                RCC_APB2PeriphClockCmd
 .text.SPI_Init
                0x0000000008000e58       0x88 ./STM_SPL/STM32F4xx_StdPeriph_Driver/src/stm32f4xx_spi.o
                0x0000000008000e58                SPI_Init
 .text.SPI_Cmd  0x0000000008000ee0       0x40 ./STM_SPL/STM32F4xx_StdPeriph_Driver/src/stm32f4xx_spi.o
                0x0000000008000ee0                SPI_Cmd
 .text.Reset_Handler
                0x0000000008000f20       0x44 ./STM_SPL/CMSIS/Device/ST/STM32F4xx/Source/Templates/gcc_ride7/startup_stm32f40_41xxx.o
                0x0000000008000f20                Reset_Handler
 .text.Default_Handler
                0x0000000008000f64        0x2 ./STM_SPL/CMSIS/Device/ST/STM32F4xx/Source/Templates/gcc_ride7/startup_stm32f40_41xxx.o
                0x0000000008000f64                DMA1_Stream3_IRQHandler
                0x0000000008000f64                HASH_RNG_IRQHandler
                0x0000000008000f64                EXTI2_IRQHandler
                0x0000000008000f64                TIM8_CC_IRQHandler
                0x0000000008000f64                DebugMon_Handler
                0x0000000008000f64                TIM1_CC_IRQHandler
                0x0000000008000f64                DMA2_Stream5_IRQHandler
                0x0000000008000f64                HardFault_Handler
                0x0000000008000f64                DMA1_Stream5_IRQHandler
                0x0000000008000f64                SysTick_Handler
                0x0000000008000f64                PVD_IRQHandler
                0x0000000008000f64                SDIO_IRQHandler
                0x0000000008000f64                TAMP_STAMP_IRQHandler
                0x0000000008000f64                PendSV_Handler
                0x0000000008000f64                NMI_Handler
                0x0000000008000f64                CAN2_RX1_IRQHandler
                0x0000000008000f64                EXTI3_IRQHandler
                0x0000000008000f64                TIM8_TRG_COM_TIM14_IRQHandler
                0x0000000008000f64                TIM1_UP_TIM10_IRQHandler
                0x0000000008000f64                TIM8_UP_TIM13_IRQHandler
                0x0000000008000f64                I2C3_ER_IRQHandler
                0x0000000008000f64                EXTI0_IRQHandler
                0x0000000008000f64                I2C2_EV_IRQHandler
                0x0000000008000f64                DMA1_Stream2_IRQHandler
                0x0000000008000f64                CAN1_RX0_IRQHandler
                0x0000000008000f64                FPU_IRQHandler
                0x0000000008000f64                OTG_HS_WKUP_IRQHandler
                0x0000000008000f64                UsageFault_Handler
                0x0000000008000f64                CAN2_SCE_IRQHandler
                0x0000000008000f64                DMA2_Stream2_IRQHandler
                0x0000000008000f64                SPI1_IRQHandler
                0x0000000008000f64                TIM6_DAC_IRQHandler
                0x0000000008000f64                TIM1_BRK_TIM9_IRQHandler
                0x0000000008000f64                DCMI_IRQHandler
                0x0000000008000f64                CAN2_RX0_IRQHandler
                0x0000000008000f64                DMA2_Stream3_IRQHandler
                0x0000000008000f64                USART6_IRQHandler
                0x0000000008000f64                USART3_IRQHandler
                0x0000000008000f64                CRYP_IRQHandler
                0x0000000008000f64                CAN1_RX1_IRQHandler
                0x0000000008000f64                UART5_IRQHandler
                0x0000000008000f64                DMA2_Stream0_IRQHandler
                0x0000000008000f64                TIM4_IRQHandler
                0x0000000008000f64                I2C1_EV_IRQHandler
                0x0000000008000f64                DMA1_Stream6_IRQHandler
                0x0000000008000f64                DMA1_Stream1_IRQHandler
                0x0000000008000f64                UART4_IRQHandler
                0x0000000008000f64                TIM3_IRQHandler
                0x0000000008000f64                RCC_IRQHandler
                0x0000000008000f64                TIM8_BRK_TIM12_IRQHandler
                0x0000000008000f64                Default_Handler
                0x0000000008000f64                EXTI15_10_IRQHandler
                0x0000000008000f64                ADC_IRQHandler
                0x0000000008000f64                DMA1_Stream7_IRQHandler
                0x0000000008000f64                TIM7_IRQHandler
                0x0000000008000f64                CAN2_TX_IRQHandler
                0x0000000008000f64                TIM5_IRQHandler
                0x0000000008000f64                DMA2_Stream7_IRQHandler
                0x0000000008000f64                I2C3_EV_IRQHandler
                0x0000000008000f64                EXTI9_5_IRQHandler
                0x0000000008000f64                RTC_WKUP_IRQHandler
                0x0000000008000f64                ETH_WKUP_IRQHandler
                0x0000000008000f64                SPI2_IRQHandler
                0x0000000008000f64                OTG_HS_EP1_IN_IRQHandler
                0x0000000008000f64                MemManage_Handler
                0x0000000008000f64                DMA1_Stream0_IRQHandler
                0x0000000008000f64                CAN1_TX_IRQHandler
                0x0000000008000f64                SVC_Handler
                0x0000000008000f64                EXTI4_IRQHandler
                0x0000000008000f64                FSMC_IRQHandler
                0x0000000008000f64                ETH_IRQHandler
                0x0000000008000f64                OTG_HS_EP1_OUT_IRQHandler
                0x0000000008000f64                WWDG_IRQHandler
                0x0000000008000f64                TIM2_IRQHandler
                0x0000000008000f64                OTG_FS_WKUP_IRQHandler
                0x0000000008000f64                TIM1_TRG_COM_TIM11_IRQHandler
                0x0000000008000f64                OTG_HS_IRQHandler
                0x0000000008000f64                EXTI1_IRQHandler
                0x0000000008000f64                USART2_IRQHandler
                0x0000000008000f64                I2C2_ER_IRQHandler
                0x0000000008000f64                DMA2_Stream1_IRQHandler
                0x0000000008000f64                CAN1_SCE_IRQHandler
                0x0000000008000f64                FLASH_IRQHandler
                0x0000000008000f64                DMA2_Stream4_IRQHandler
                0x0000000008000f64                BusFault_Handler
                0x0000000008000f64                USART1_IRQHandler
                0x0000000008000f64                OTG_FS_IRQHandler
                0x0000000008000f64                SPI3_IRQHandler
                0x0000000008000f64                DMA1_Stream4_IRQHandler
                0x0000000008000f64                I2C1_ER_IRQHandler
                0x0000000008000f64                DMA2_Stream6_IRQHandler
                0x0000000008000f64                RTC_Alarm_IRQHandler
 *fill*         0x0000000008000f66        0x2 
 .text.SystemInit
                0x0000000008000f68       0x58 ./STM_SPL/CMSIS/Device/ST/STM32F4xx/Source/Templates/system_stm32f4xx.o
                0x0000000008000f68                SystemInit
 .text.SetSysClock
                0x0000000008000fc0       0xf4 ./STM_SPL/CMSIS/Device/ST/STM32F4xx/Source/Templates/system_stm32f4xx.o
 .text.malloc   0x00000000080010b4       0x10 /usr/local/gcc-arm-none-eabi-4_9-2015q1/bin/../lib/gcc/arm-none-eabi/4.9.3/../../../../arm-none-eabi/lib/armv7e-m/libg.a(lib_a-malloc.o)
                0x00000000080010b4                malloc
 *(.rodata)
 *(.rodata*)
 .rodata.str1.4
                0x00000000080010c4        0x4 /usr/local/gcc-arm-none-eabi-4_9-2015q1/bin/../lib/gcc/arm-none-eabi/4.9.3/../../../../arm-none-eabi/lib/armv7e-m/libc.a(lib_a-impure.o)
 .rodata._global_impure_ptr
                0x00000000080010c8        0x4 /usr/local/gcc-arm-none-eabi-4_9-2015q1/bin/../lib/gcc/arm-none-eabi/4.9.3/../../../../arm-none-eabi/lib/armv7e-m/libc.a(lib_a-impure.o)
                0x00000000080010c8                _global_impure_ptr
 *(.glue_7)
 .glue_7        0x0000000000000000        0x0 linker stubs
 *(.glue_7t)
 .glue_7t       0x0000000000000000        0x0 linker stubs
 *(.eh_frame)
 .eh_frame      0x00000000080010cc        0x0 /usr/local/gcc-arm-none-eabi-4_9-2015q1/bin/../lib/gcc/arm-none-eabi/4.9.3/armv7e-m/crtbegin.o
 *(.init)
 .init          0x00000000080010cc        0x4 /usr/local/gcc-arm-none-eabi-4_9-2015q1/bin/../lib/gcc/arm-none-eabi/4.9.3/armv7e-m/crti.o
                0x00000000080010cc                _init
 .init          0x00000000080010d0        0x8 /usr/local/gcc-arm-none-eabi-4_9-2015q1/bin/../lib/gcc/arm-none-eabi/4.9.3/armv7e-m/crtn.o
 *(.fini)
 .fini          0x00000000080010d8        0x4 /usr/local/gcc-arm-none-eabi-4_9-2015q1/bin/../lib/gcc/arm-none-eabi/4.9.3/armv7e-m/crti.o
                0x00000000080010d8                _fini
 .fini          0x00000000080010dc        0x8 /usr/local/gcc-arm-none-eabi-4_9-2015q1/bin/../lib/gcc/arm-none-eabi/4.9.3/armv7e-m/crtn.o
                0x00000000080010e4                . = ALIGN (0x4)
                0x00000000080010e4                _etext = .
                0x00000000080010e4                _exit = .

.vfp11_veneer   0x00000000080010e4        0x0
 .vfp11_veneer  0x0000000000000000        0x0 linker stubs

.v4_bx          0x00000000080010e4        0x0
 .v4_bx         0x0000000000000000        0x0 linker stubs

.iplt           0x00000000080010e4        0x0
 .iplt          0x0000000000000000        0x0 /usr/local/gcc-arm-none-eabi-4_9-2015q1/bin/../lib/gcc/arm-none-eabi/4.9.3/armv7e-m/crtbegin.o

.rel.dyn        0x00000000080010e4        0x0
 .rel.iplt      0x0000000000000000        0x0 /usr/local/gcc-arm-none-eabi-4_9-2015q1/bin/../lib/gcc/arm-none-eabi/4.9.3/armv7e-m/crtbegin.o

.ARM.extab
 *(.ARM.extab* .gnu.linkonce.armextab.*)

.ARM            0x00000000080010e4        0x0
                0x00000000080010e4                __exidx_start = .
 *(.ARM.exidx*)
                0x00000000080010e4                __exidx_end = .

.preinit_array  0x00000000080010e4        0x0
                0x00000000080010e4                PROVIDE (__preinit_array_start, .)
 *(.preinit_array*)
                0x00000000080010e4                PROVIDE (__preinit_array_end, .)

.init_array     0x00000000080010e4        0x8
                0x00000000080010e4                PROVIDE (__init_array_start, .)
 *(SORT(.init_array.*))
 .init_array.00000
                0x00000000080010e4        0x4 /usr/local/gcc-arm-none-eabi-4_9-2015q1/bin/../lib/gcc/arm-none-eabi/4.9.3/../../../../arm-none-eabi/lib/armv7e-m/libc.a(lib_a-__call_atexit.o)
 *(.init_array*)
 .init_array    0x00000000080010e8        0x4 /usr/local/gcc-arm-none-eabi-4_9-2015q1/bin/../lib/gcc/arm-none-eabi/4.9.3/armv7e-m/crtbegin.o
                0x00000000080010ec                PROVIDE (__init_array_end, .)

.fini_array     0x00000000080010ec        0x4
                0x00000000080010ec                PROVIDE (__fini_array_start, .)
 *(.fini_array*)
 .fini_array    0x00000000080010ec        0x4 /usr/local/gcc-arm-none-eabi-4_9-2015q1/bin/../lib/gcc/arm-none-eabi/4.9.3/armv7e-m/crtbegin.o
 *(SORT(.fini_array.*))
                0x00000000080010f0                PROVIDE (__fini_array_end, .)
                0x00000000080010f0                _sidata = .

.data           0x0000000020000000      0x83c load address 0x00000000080010f0
                0x0000000020000000                . = ALIGN (0x4)
                0x0000000020000000                _sdata = .
 *(.data)
 *(.data*)
 .data.impure_data
                0x0000000020000000      0x428 /usr/local/gcc-arm-none-eabi-4_9-2015q1/bin/../lib/gcc/arm-none-eabi/4.9.3/../../../../arm-none-eabi/lib/armv7e-m/libc.a(lib_a-impure.o)
 .data._impure_ptr
                0x0000000020000428        0x4 /usr/local/gcc-arm-none-eabi-4_9-2015q1/bin/../lib/gcc/arm-none-eabi/4.9.3/../../../../arm-none-eabi/lib/armv7e-m/libc.a(lib_a-impure.o)
                0x0000000020000428                _impure_ptr
 .data.__malloc_av_
                0x000000002000042c      0x408 /usr/local/gcc-arm-none-eabi-4_9-2015q1/bin/../lib/gcc/arm-none-eabi/4.9.3/../../../../arm-none-eabi/lib/armv7e-m/libc.a(lib_a-mallocr.o)
                0x000000002000042c                __malloc_av_
 .data.__malloc_trim_threshold
                0x0000000020000834        0x4 /usr/local/gcc-arm-none-eabi-4_9-2015q1/bin/../lib/gcc/arm-none-eabi/4.9.3/../../../../arm-none-eabi/lib/armv7e-m/libc.a(lib_a-mallocr.o)
                0x0000000020000834                __malloc_trim_threshold
 .data.__malloc_sbrk_base
                0x0000000020000838        0x4 /usr/local/gcc-arm-none-eabi-4_9-2015q1/bin/../lib/gcc/arm-none-eabi/4.9.3/../../../../arm-none-eabi/lib/armv7e-m/libc.a(lib_a-mallocr.o)
                0x0000000020000838                __malloc_sbrk_base
                0x000000002000083c                . = ALIGN (0x4)
                0x000000002000083c                _edata = .

.jcr            0x000000002000083c        0x0 load address 0x000000000800192c
 .jcr           0x000000002000083c        0x0 /usr/local/gcc-arm-none-eabi-4_9-2015q1/bin/../lib/gcc/arm-none-eabi/4.9.3/armv7e-m/crtbegin.o

.igot.plt       0x000000002000083c        0x0 load address 0x000000000800192c
 .igot.plt      0x0000000000000000        0x0 /usr/local/gcc-arm-none-eabi-4_9-2015q1/bin/../lib/gcc/arm-none-eabi/4.9.3/armv7e-m/crtbegin.o
                0x000000002000083c                . = ALIGN (0x4)

.bss            0x000000002000083c       0x58 load address 0x000000000800192c
                0x000000002000083c                _sbss = .
                0x000000002000083c                __bss_start__ = _sbss
 *(.bss)
 .bss           0x000000002000083c       0x1c /usr/local/gcc-arm-none-eabi-4_9-2015q1/bin/../lib/gcc/arm-none-eabi/4.9.3/armv7e-m/crtbegin.o
 *(.bss*)
 .bss.heap_end.5903
                0x0000000020000858        0x4 /usr/local/gcc-arm-none-eabi-4_9-2015q1/bin/../lib/gcc/arm-none-eabi/4.9.3/../../../../arm-none-eabi/lib/armv7e-m/librdimon.a(rdimon-syscalls.o)
 .bss.__malloc_max_total_mem
                0x000000002000085c        0x4 /usr/local/gcc-arm-none-eabi-4_9-2015q1/bin/../lib/gcc/arm-none-eabi/4.9.3/../../../../arm-none-eabi/lib/armv7e-m/libc.a(lib_a-mallocr.o)
                0x000000002000085c                __malloc_max_total_mem
 .bss.__malloc_max_sbrked_mem
                0x0000000020000860        0x4 /usr/local/gcc-arm-none-eabi-4_9-2015q1/bin/../lib/gcc/arm-none-eabi/4.9.3/../../../../arm-none-eabi/lib/armv7e-m/libc.a(lib_a-mallocr.o)
                0x0000000020000860                __malloc_max_sbrked_mem
 .bss.__malloc_top_pad
                0x0000000020000864        0x4 /usr/local/gcc-arm-none-eabi-4_9-2015q1/bin/../lib/gcc/arm-none-eabi/4.9.3/../../../../arm-none-eabi/lib/armv7e-m/libc.a(lib_a-mallocr.o)
                0x0000000020000864                __malloc_top_pad
 .bss.__malloc_current_mallinfo
                0x0000000020000868       0x28 /usr/local/gcc-arm-none-eabi-4_9-2015q1/bin/../lib/gcc/arm-none-eabi/4.9.3/../../../../arm-none-eabi/lib/armv7e-m/libc.a(lib_a-mallocr.o)
                0x0000000020000868                __malloc_current_mallinfo
 *(COMMON)
 COMMON         0x0000000020000890        0x4 /usr/local/gcc-arm-none-eabi-4_9-2015q1/bin/../lib/gcc/arm-none-eabi/4.9.3/../../../../arm-none-eabi/lib/armv7e-m/libc.a(lib_a-reent.o)
                0x0000000020000890                errno
                0x0000000020000894                . = ALIGN (0x4)
                0x0000000020000894                _ebss = .
                0x0000000020000894                __bss_end__ = _ebss

._user_heap_stack
                0x0000000020000894      0x400 load address 0x0000000008001984
                0x0000000020000894                . = ALIGN (0x4)
                0x0000000020000894                PROVIDE (end, .)
                0x0000000020000894                PROVIDE (_end, .)
                0x0000000020000894                PROVIDE (__end__, .)
                0x0000000020000894                . = (. + _Min_Heap_Size)
                0x0000000020000c94                . = (. + _Min_Stack_Size)
 *fill*         0x0000000020000894      0x400 
                0x0000000020000c94                . = ALIGN (0x4)

.memory_b1_text
 *(.mb1text)
 *(.mb1text*)
 *(.mb1rodata)
 *(.mb1rodata*)

/DISCARD/
 libc.a(*)
 libm.a(*)
 libgcc.a(*)

.ARM.attributes
                0x0000000000000000       0x2a
 *(.ARM.attributes)
 .ARM.attributes
                0x0000000000000000       0x1e /usr/local/gcc-arm-none-eabi-4_9-2015q1/bin/../lib/gcc/arm-none-eabi/4.9.3/armv7e-m/crti.o
 .ARM.attributes
                0x000000000000001e       0x2e /usr/local/gcc-arm-none-eabi-4_9-2015q1/bin/../lib/gcc/arm-none-eabi/4.9.3/armv7e-m/crtbegin.o
 .ARM.attributes
                0x000000000000004c       0x2e /usr/local/gcc-arm-none-eabi-4_9-2015q1/bin/../lib/gcc/arm-none-eabi/4.9.3/../../../../arm-none-eabi/lib/armv7e-m/libc.a(lib_a-impure.o)
 .ARM.attributes
                0x000000000000007a       0x2e /usr/local/gcc-arm-none-eabi-4_9-2015q1/bin/../lib/gcc/arm-none-eabi/4.9.3/../../../../arm-none-eabi/lib/armv7e-m/libc.a(lib_a-__call_atexit.o)
 .ARM.attributes
                0x00000000000000a8       0x2e /usr/local/gcc-arm-none-eabi-4_9-2015q1/bin/../lib/gcc/arm-none-eabi/4.9.3/../../../../arm-none-eabi/lib/armv7e-m/libc.a(lib_a-atexit.o)
 .ARM.attributes
                0x00000000000000d6       0x2e /usr/local/gcc-arm-none-eabi-4_9-2015q1/bin/../lib/gcc/arm-none-eabi/4.9.3/../../../../arm-none-eabi/lib/armv7e-m/libc.a(lib_a-fini.o)
 .ARM.attributes
                0x0000000000000104       0x2e /usr/local/gcc-arm-none-eabi-4_9-2015q1/bin/../lib/gcc/arm-none-eabi/4.9.3/../../../../arm-none-eabi/lib/armv7e-m/libc.a(lib_a-__atexit.o)
 .ARM.attributes
                0x0000000000000132       0x2e /usr/local/gcc-arm-none-eabi-4_9-2015q1/bin/../lib/gcc/arm-none-eabi/4.9.3/../../../../arm-none-eabi/lib/armv7e-m/librdimon.a(rdimon-syscalls.o)
 .ARM.attributes
                0x0000000000000160       0x2e /usr/local/gcc-arm-none-eabi-4_9-2015q1/bin/../lib/gcc/arm-none-eabi/4.9.3/../../../../arm-none-eabi/lib/armv7e-m/libc.a(lib_a-errno.o)
 .ARM.attributes
                0x000000000000018e       0x2e /usr/local/gcc-arm-none-eabi-4_9-2015q1/bin/../lib/gcc/arm-none-eabi/4.9.3/../../../../arm-none-eabi/lib/armv7e-m/libc.a(lib_a-mallocr.o)
 .ARM.attributes
                0x00000000000001bc       0x2e /usr/local/gcc-arm-none-eabi-4_9-2015q1/bin/../lib/gcc/arm-none-eabi/4.9.3/../../../../arm-none-eabi/lib/armv7e-m/libc.a(lib_a-mlock.o)
 .ARM.attributes
                0x00000000000001ea       0x2e /usr/local/gcc-arm-none-eabi-4_9-2015q1/bin/../lib/gcc/arm-none-eabi/4.9.3/../../../../arm-none-eabi/lib/armv7e-m/libc.a(lib_a-sbrkr.o)
 .ARM.attributes
                0x0000000000000218       0x2e /usr/local/gcc-arm-none-eabi-4_9-2015q1/bin/../lib/gcc/arm-none-eabi/4.9.3/../../../../arm-none-eabi/lib/armv7e-m/libc.a(lib_a-freer.o)
 .ARM.attributes
                0x0000000000000246       0x2e /usr/local/gcc-arm-none-eabi-4_9-2015q1/bin/../lib/gcc/arm-none-eabi/4.9.3/../../../../arm-none-eabi/lib/armv7e-m/libc.a(lib_a-reent.o)
 .ARM.attributes
                0x0000000000000274       0x33 ./src/main.o
 .ARM.attributes
                0x00000000000002a7       0x33 ./STM_SPL/STM32F4xx_StdPeriph_Driver/src/stm32f4xx_gpio.o
 .ARM.attributes
                0x00000000000002da       0x33 ./STM_SPL/STM32F4xx_StdPeriph_Driver/src/stm32f4xx_rcc.o
 .ARM.attributes
                0x000000000000030d       0x33 ./STM_SPL/STM32F4xx_StdPeriph_Driver/src/stm32f4xx_spi.o
 .ARM.attributes
                0x0000000000000340       0x21 ./STM_SPL/CMSIS/Device/ST/STM32F4xx/Source/Templates/gcc_ride7/startup_stm32f40_41xxx.o
 .ARM.attributes
                0x0000000000000361       0x33 ./STM_SPL/CMSIS/Device/ST/STM32F4xx/Source/Templates/system_stm32f4xx.o
 .ARM.attributes
                0x0000000000000394       0x2e /usr/local/gcc-arm-none-eabi-4_9-2015q1/bin/../lib/gcc/arm-none-eabi/4.9.3/../../../../arm-none-eabi/lib/armv7e-m/libg.a(lib_a-malloc.o)
 .ARM.attributes
                0x00000000000003c2       0x1e /usr/local/gcc-arm-none-eabi-4_9-2015q1/bin/../lib/gcc/arm-none-eabi/4.9.3/armv7e-m/crtn.o
OUTPUT(geariables.elf elf32-littlearm)

.debug_frame    0x0000000000000000     0x1570
 .debug_frame   0x0000000000000000       0x50 /usr/local/gcc-arm-none-eabi-4_9-2015q1/bin/../lib/gcc/arm-none-eabi/4.9.3/../../../../arm-none-eabi/lib/armv7e-m/libc.a(lib_a-__call_atexit.o)
 .debug_frame   0x0000000000000050       0x20 /usr/local/gcc-arm-none-eabi-4_9-2015q1/bin/../lib/gcc/arm-none-eabi/4.9.3/../../../../arm-none-eabi/lib/armv7e-m/libc.a(lib_a-atexit.o)
 .debug_frame   0x0000000000000070       0x34 /usr/local/gcc-arm-none-eabi-4_9-2015q1/bin/../lib/gcc/arm-none-eabi/4.9.3/../../../../arm-none-eabi/lib/armv7e-m/libc.a(lib_a-fini.o)
 .debug_frame   0x00000000000000a4       0x34 /usr/local/gcc-arm-none-eabi-4_9-2015q1/bin/../lib/gcc/arm-none-eabi/4.9.3/../../../../arm-none-eabi/lib/armv7e-m/libc.a(lib_a-__atexit.o)
 .debug_frame   0x00000000000000d8      0x364 /usr/local/gcc-arm-none-eabi-4_9-2015q1/bin/../lib/gcc/arm-none-eabi/4.9.3/../../../../arm-none-eabi/lib/armv7e-m/librdimon.a(rdimon-syscalls.o)
 .debug_frame   0x000000000000043c       0x20 /usr/local/gcc-arm-none-eabi-4_9-2015q1/bin/../lib/gcc/arm-none-eabi/4.9.3/../../../../arm-none-eabi/lib/armv7e-m/libc.a(lib_a-errno.o)
 .debug_frame   0x000000000000045c       0x58 /usr/local/gcc-arm-none-eabi-4_9-2015q1/bin/../lib/gcc/arm-none-eabi/4.9.3/../../../../arm-none-eabi/lib/armv7e-m/libc.a(lib_a-mallocr.o)
 .debug_frame   0x00000000000004b4       0x30 /usr/local/gcc-arm-none-eabi-4_9-2015q1/bin/../lib/gcc/arm-none-eabi/4.9.3/../../../../arm-none-eabi/lib/armv7e-m/libc.a(lib_a-mlock.o)
 .debug_frame   0x00000000000004e4       0x2c /usr/local/gcc-arm-none-eabi-4_9-2015q1/bin/../lib/gcc/arm-none-eabi/4.9.3/../../../../arm-none-eabi/lib/armv7e-m/libc.a(lib_a-sbrkr.o)
 .debug_frame   0x0000000000000510       0x74 /usr/local/gcc-arm-none-eabi-4_9-2015q1/bin/../lib/gcc/arm-none-eabi/4.9.3/../../../../arm-none-eabi/lib/armv7e-m/libc.a(lib_a-freer.o)
 .debug_frame   0x0000000000000584       0x58 /usr/local/gcc-arm-none-eabi-4_9-2015q1/bin/../lib/gcc/arm-none-eabi/4.9.3/../../../../arm-none-eabi/lib/armv7e-m/libc.a(lib_a-reent.o)
 .debug_frame   0x00000000000005dc       0x7c ./src/main.o
 .debug_frame   0x0000000000000658      0x23c ./STM_SPL/STM32F4xx_StdPeriph_Driver/src/stm32f4xx_gpio.o
 .debug_frame   0x0000000000000894      0x83c ./STM_SPL/STM32F4xx_StdPeriph_Driver/src/stm32f4xx_rcc.o
 .debug_frame   0x00000000000010d0      0x3f4 ./STM_SPL/STM32F4xx_StdPeriph_Driver/src/stm32f4xx_spi.o
 .debug_frame   0x00000000000014c4       0x7c ./STM_SPL/CMSIS/Device/ST/STM32F4xx/Source/Templates/system_stm32f4xx.o
 .debug_frame   0x0000000000001540       0x30 /usr/local/gcc-arm-none-eabi-4_9-2015q1/bin/../lib/gcc/arm-none-eabi/4.9.3/../../../../arm-none-eabi/lib/armv7e-m/libg.a(lib_a-malloc.o)

.debug_info     0x0000000000000000     0x2adf
 .debug_info    0x0000000000000000      0x4b0 ./src/main.o
 .debug_info    0x00000000000004b0      0x609 ./STM_SPL/STM32F4xx_StdPeriph_Driver/src/stm32f4xx_gpio.o
 .debug_info    0x0000000000000ab9      0xe46 ./STM_SPL/STM32F4xx_StdPeriph_Driver/src/stm32f4xx_rcc.o
 .debug_info    0x00000000000018ff      0xb3f ./STM_SPL/STM32F4xx_StdPeriph_Driver/src/stm32f4xx_spi.o
 .debug_info    0x000000000000243e       0xc7 ./STM_SPL/CMSIS/Device/ST/STM32F4xx/Source/Templates/gcc_ride7/startup_stm32f40_41xxx.o
 .debug_info    0x0000000000002505      0x5da ./STM_SPL/CMSIS/Device/ST/STM32F4xx/Source/Templates/system_stm32f4xx.o

.debug_abbrev   0x0000000000000000      0x763
 .debug_abbrev  0x0000000000000000      0x14b ./src/main.o
 .debug_abbrev  0x000000000000014b      0x1a6 ./STM_SPL/STM32F4xx_StdPeriph_Driver/src/stm32f4xx_gpio.o
 .debug_abbrev  0x00000000000002f1      0x1bd ./STM_SPL/STM32F4xx_StdPeriph_Driver/src/stm32f4xx_rcc.o
 .debug_abbrev  0x00000000000004ae      0x16a ./STM_SPL/STM32F4xx_StdPeriph_Driver/src/stm32f4xx_spi.o
 .debug_abbrev  0x0000000000000618       0x12 ./STM_SPL/CMSIS/Device/ST/STM32F4xx/Source/Templates/gcc_ride7/startup_stm32f40_41xxx.o
 .debug_abbrev  0x000000000000062a      0x139 ./STM_SPL/CMSIS/Device/ST/STM32F4xx/Source/Templates/system_stm32f4xx.o

.debug_aranges  0x0000000000000000      0x3b0
 .debug_aranges
                0x0000000000000000       0x30 ./src/main.o
 .debug_aranges
                0x0000000000000030       0x88 ./STM_SPL/STM32F4xx_StdPeriph_Driver/src/stm32f4xx_gpio.o
 .debug_aranges
                0x00000000000000b8      0x1c0 ./STM_SPL/STM32F4xx_StdPeriph_Driver/src/stm32f4xx_rcc.o
 .debug_aranges
                0x0000000000000278       0xe0 ./STM_SPL/STM32F4xx_StdPeriph_Driver/src/stm32f4xx_spi.o
 .debug_aranges
                0x0000000000000358       0x28 ./STM_SPL/CMSIS/Device/ST/STM32F4xx/Source/Templates/gcc_ride7/startup_stm32f40_41xxx.o
 .debug_aranges
                0x0000000000000380       0x30 ./STM_SPL/CMSIS/Device/ST/STM32F4xx/Source/Templates/system_stm32f4xx.o

.debug_ranges   0x0000000000000000      0x358
 .debug_ranges  0x0000000000000000       0x20 ./src/main.o
 .debug_ranges  0x0000000000000020       0x78 ./STM_SPL/STM32F4xx_StdPeriph_Driver/src/stm32f4xx_gpio.o
 .debug_ranges  0x0000000000000098      0x1b0 ./STM_SPL/STM32F4xx_StdPeriph_Driver/src/stm32f4xx_rcc.o
 .debug_ranges  0x0000000000000248       0xd0 ./STM_SPL/STM32F4xx_StdPeriph_Driver/src/stm32f4xx_spi.o
 .debug_ranges  0x0000000000000318       0x20 ./STM_SPL/CMSIS/Device/ST/STM32F4xx/Source/Templates/gcc_ride7/startup_stm32f40_41xxx.o
 .debug_ranges  0x0000000000000338       0x20 ./STM_SPL/CMSIS/Device/ST/STM32F4xx/Source/Templates/system_stm32f4xx.o

.debug_macro    0x0000000000000000     0xfd1a
 .debug_macro   0x0000000000000000      0x1ab ./src/main.o
 .debug_macro   0x00000000000001ab      0x87a ./src/main.o
 .debug_macro   0x0000000000000a25       0x65 ./src/main.o
 .debug_macro   0x0000000000000a8a       0x3b ./src/main.o
 .debug_macro   0x0000000000000ac5       0x22 ./src/main.o
 .debug_macro   0x0000000000000ae7       0x44 ./src/main.o
 .debug_macro   0x0000000000000b2b       0x1c ./src/main.o
 .debug_macro   0x0000000000000b47      0x1f7 ./src/main.o
 .debug_macro   0x0000000000000d3e       0x2d ./src/main.o
 .debug_macro   0x0000000000000d6b       0x26 ./src/main.o
 .debug_macro   0x0000000000000d91      0xd39 ./src/main.o
 .debug_macro   0x0000000000001aca     0x8fb5 ./src/main.o
 .debug_macro   0x000000000000aa7f      0x44f ./src/main.o
 .debug_macro   0x000000000000aece       0xb2 ./src/main.o
 .debug_macro   0x000000000000af80      0x477 ./src/main.o
 .debug_macro   0x000000000000b3f7       0xae ./src/main.o
 .debug_macro   0x000000000000b4a5      0x41c ./src/main.o
 .debug_macro   0x000000000000b8c1      0x2ed ./src/main.o
 .debug_macro   0x000000000000bbae      0x2ba ./src/main.o
 .debug_macro   0x000000000000be68       0x64 ./src/main.o
 .debug_macro   0x000000000000becc       0xeb ./src/main.o
 .debug_macro   0x000000000000bfb7      0x650 ./src/main.o
 .debug_macro   0x000000000000c607      0x57b ./src/main.o
 .debug_macro   0x000000000000cb82      0x342 ./src/main.o
 .debug_macro   0x000000000000cec4      0x36c ./src/main.o
 .debug_macro   0x000000000000d230       0xf7 ./src/main.o
 .debug_macro   0x000000000000d327      0x73b ./src/main.o
 .debug_macro   0x000000000000da62      0x223 ./src/main.o
 .debug_macro   0x000000000000dc85       0x34 ./src/main.o
 .debug_macro   0x000000000000dcb9       0x82 ./src/main.o
 .debug_macro   0x000000000000dd3b      0x144 ./src/main.o
 .debug_macro   0x000000000000de7f       0xc3 ./src/main.o
 .debug_macro   0x000000000000df42       0x40 ./src/main.o
 .debug_macro   0x000000000000df82      0x3cf ./src/main.o
 .debug_macro   0x000000000000e351      0x188 ./src/main.o
 .debug_macro   0x000000000000e4d9      0x149 ./src/main.o
 .debug_macro   0x000000000000e622      0x279 ./src/main.o
 .debug_macro   0x000000000000e89b       0x35 ./src/main.o
 .debug_macro   0x000000000000e8d0      0x1a9 ./STM_SPL/STM32F4xx_StdPeriph_Driver/src/stm32f4xx_gpio.o
 .debug_macro   0x000000000000ea79      0x2e7 ./STM_SPL/STM32F4xx_StdPeriph_Driver/src/stm32f4xx_gpio.o
 .debug_macro   0x000000000000ed60      0x273 ./STM_SPL/STM32F4xx_StdPeriph_Driver/src/stm32f4xx_rcc.o
 .debug_macro   0x000000000000efd3      0x64a ./STM_SPL/STM32F4xx_StdPeriph_Driver/src/stm32f4xx_rcc.o
 .debug_macro   0x000000000000f61d      0x1d4 ./STM_SPL/STM32F4xx_StdPeriph_Driver/src/stm32f4xx_spi.o
 .debug_macro   0x000000000000f7f1      0x366 ./STM_SPL/STM32F4xx_StdPeriph_Driver/src/stm32f4xx_spi.o
 .debug_macro   0x000000000000fb57      0x1c3 ./STM_SPL/CMSIS/Device/ST/STM32F4xx/Source/Templates/system_stm32f4xx.o

.debug_line     0x0000000000000000     0x24b8
 .debug_line    0x0000000000000000      0x586 ./src/main.o
 .debug_line    0x0000000000000586      0x6b9 ./STM_SPL/STM32F4xx_StdPeriph_Driver/src/stm32f4xx_gpio.o
 .debug_line    0x0000000000000c3f      0x9cf ./STM_SPL/STM32F4xx_StdPeriph_Driver/src/stm32f4xx_rcc.o
 .debug_line    0x000000000000160e      0x7ce ./STM_SPL/STM32F4xx_StdPeriph_Driver/src/stm32f4xx_spi.o
 .debug_line    0x0000000000001ddc       0xde ./STM_SPL/CMSIS/Device/ST/STM32F4xx/Source/Templates/gcc_ride7/startup_stm32f40_41xxx.o
 .debug_line    0x0000000000001eba      0x5fe ./STM_SPL/CMSIS/Device/ST/STM32F4xx/Source/Templates/system_stm32f4xx.o

.debug_str      0x0000000000000000    0x5fe9f
 .debug_str     0x0000000000000000    0x5ea86 ./src/main.o
                                      0x5ec6c (size before relaxing)
 .debug_str     0x000000000005ea86      0x1a6 ./STM_SPL/STM32F4xx_StdPeriph_Driver/src/stm32f4xx_gpio.o
                                      0x5ec80 (size before relaxing)
 .debug_str     0x000000000005ec2c      0xda9 ./STM_SPL/STM32F4xx_StdPeriph_Driver/src/stm32f4xx_rcc.o
                                      0x5f769 (size before relaxing)
 .debug_str     0x000000000005f9d5      0x346 ./STM_SPL/STM32F4xx_StdPeriph_Driver/src/stm32f4xx_spi.o
                                      0x5ef69 (size before relaxing)
 .debug_str     0x000000000005fd1b      0x184 ./STM_SPL/CMSIS/Device/ST/STM32F4xx/Source/Templates/system_stm32f4xx.o
                                      0x5ec00 (size before relaxing)

.comment        0x0000000000000000       0x70
 .comment       0x0000000000000000       0x70 ./src/main.o
                                         0x71 (size before relaxing)
 .comment       0x0000000000000000       0x71 ./STM_SPL/STM32F4xx_StdPeriph_Driver/src/stm32f4xx_gpio.o
 .comment       0x0000000000000000       0x71 ./STM_SPL/STM32F4xx_StdPeriph_Driver/src/stm32f4xx_rcc.o
 .comment       0x0000000000000000       0x71 ./STM_SPL/STM32F4xx_StdPeriph_Driver/src/stm32f4xx_spi.o
 .comment       0x0000000000000000       0x71 ./STM_SPL/CMSIS/Device/ST/STM32F4xx/Source/Templates/system_stm32f4xx.o
